warning: adjacent module and item imports can be combined through `self`
  --> $DIR/fixture.rs:LL:CC
   |
LL |     use crate::defs::inner;
   |     ^^^^^^^^^^^^^^^^^^^^^^^
   |
   = note: `#[warn(perfectionist::uncombined_self_import)]` on by default
help: combine into a single `use` with `self`
   |
LL -     use crate::defs::inner;
LL -     use crate::defs::inner::Baz;
LL +     use crate::defs::inner::{self, Baz};
   |

warning: adjacent module and item imports can be combined through `self`
  --> $DIR/fixture.rs:LL:CC
   |
LL |     use crate::defs::inner::{self};
   |     ^^^^^^^^^^^^^^^^^^^^^^^^^^^^^^^
   |
help: combine into a single `use` with `self`
   |
LL -     use crate::defs::inner::{self};
LL -     use crate::defs::inner::Baz;
LL +     use crate::defs::inner::{self, Baz};
   |

warning: adjacent module and item imports can be combined through `self`
  --> $DIR/fixture.rs:LL:CC
   |
LL |     use crate::defs::inner::Baz;
   |     ^^^^^^^^^^^^^^^^^^^^^^^^^^^^
   |
help: combine into a single `use` with `self`
   |
LL -     use crate::defs::inner::Baz;
LL -     use crate::defs::inner;
LL +     use crate::defs::inner::{self, Baz};
   |

warning: adjacent module and item imports can be combined through `self`
  --> $DIR/fixture.rs:LL:CC
   |
LL |     use crate::defs::inner;
   |     ^^^^^^^^^^^^^^^^^^^^^^^
   |
help: combine into a single `use` with `self`
   |
LL -     use crate::defs::inner;
LL -     use crate::defs::inner::{Baz, Qux};
LL +     use crate::defs::inner::{self, Baz, Qux};
   |

warning: adjacent module and item imports can be combined through `self`
  --> $DIR/fixture.rs:LL:CC
   |
LL |     use crate::defs::r#match;
   |     ^^^^^^^^^^^^^^^^^^^^^^^^^
   |
help: combine into a single `use` with `self`
   |
LL -     use crate::defs::r#match;
LL -     use crate::defs::r#match::Token;
LL +     use crate::defs::r#match::{self, Token};
   |

warning: adjacent module and item imports can be combined through `self`
  --> $DIR/fixture.rs:LL:CC
   |
LL |     use crate::defs::inner;
   |     ^^^^^^^^^^^^^^^^^^^^^^^
   |
help: combine into a single `use` with `self`
   |
LL -     use crate::defs::inner;
LL -     #[allow(unused_imports, reason = "uncombined_self_import matching-attrs fixture")]
LL -     use crate::defs::inner::Baz;
LL +     use crate::defs::inner::{self, Baz};
   |

warning: adjacent module and item imports can be combined through `self`
  --> $DIR/fixture.rs:LL:CC
   |
LL |     pub use crate::defs::inner;
   |     ^^^^^^^^^^^^^^^^^^^^^^^^^^^
   |
help: combine into a single `use` with `self`
   |
LL -     pub use crate::defs::inner;
LL -     pub use crate::defs::inner::Baz;
LL +     pub use crate::defs::inner::{self, Baz};
   |

warning: adjacent module and item imports can be combined through `self`
  --> $DIR/fixture.rs:LL:CC
   |
LL |     use ::std::collections;
   |     ^^^^^^^^^^^^^^^^^^^^^^^
   |
help: combine into a single `use` with `self`
   |
LL -     use ::std::collections;
LL -     use ::std::collections::HashMap;
LL +     use ::std::collections::{self, HashMap};
   |

warning: adjacent module and item imports can be combined through `self`
  --> $DIR/fixture.rs:LL:CC
   |
LL |     use crate::defs::inner;
   |     ^^^^^^^^^^^^^^^^^^^^^^^
   |
help: combine into a single `use` with `self`
   |
LL -     use crate::defs::inner;
LL -     use crate::defs::inner::Baz;
LL +     use crate::defs::inner::{self, Baz};
   |

warning: N warnings emitted
