warning: clap derives `--help` from this doc comment instead of an explicit override
  --> $DIR/fixture.rs:LL:CC
   |
LL | /// The command's own description.
   |     ^^^^^^^^^^^^^^^^^^^^^^^^^^^^^^
   |
   = help: override the help text with a plain string (e.g. `#[arg(help = "...")]` or `#[command(about = "...")]`)
   = note: `#[warn(perfectionist::clap_help_markdown)]` on by default

warning: clap derives `--help` from this doc comment instead of an explicit override
  --> $DIR/fixture.rs:LL:CC
   |
LL |     /// Path to the manifest.
   |         ^^^^^^^^^^^^^^^^^^^^^
   |
   = help: override the help text with a plain string (e.g. `#[arg(help = "...")]` or `#[command(about = "...")]`)

warning: clap derives `--help` from this doc comment instead of an explicit override
  --> $DIR/fixture.rs:LL:CC
   |
LL |     /// Uses a `code` span too.
   |         ^^^^^^^^^^^^^^^^^^^^^^^
   |
   = help: override the help text with a plain string (e.g. `#[arg(help = "...")]` or `#[command(about = "...")]`)

warning: N warnings emitted
