warning: `Defined` resolves in scope; consider writing it as an intra-doc link
  --> $DIR/fixture.rs:LL:CC
   |
LL |     /// Mentions `Defined` (local), `InternalItem` (this module's
   |                  ^^^^^^^^^
   |
   = help: if `Defined` instead names a foreign or upstream symbol that the doc only mentions by name, do not link it to the local item; write an explicit reference link to the real source, such as `[`Defined`][Defined-ext]` with a `[Defined-ext]: <url>` definition
   = note: `#[warn(perfectionist::bare_identifier_reference)]` on by default
help: only once the surrounding context confirms it refers to this item, not a foreign symbol of the same name, wrap it as an intra-doc link
   |
LL -     /// Mentions `Defined` (local), `InternalItem` (this module's
LL +     /// Mentions [`Defined`] (local), `InternalItem` (this module's
   |

warning: `InternalItem` resolves in scope; consider writing it as an intra-doc link
  --> $DIR/fixture.rs:LL:CC
   |
LL |     /// Mentions `Defined` (local), `InternalItem` (this module's
   |                                     ^^^^^^^^^^^^^^
   |
   = help: if `InternalItem` instead names a foreign or upstream symbol that the doc only mentions by name, do not link it to the local item; write an explicit reference link to the real source, such as `[`InternalItem`][InternalItem-ext]` with a `[InternalItem-ext]: <url>` definition
help: only once the surrounding context confirms it refers to this item, not a foreign symbol of the same name, wrap it as an intra-doc link
   |
LL -     /// Mentions `Defined` (local), `InternalItem` (this module's
LL +     /// Mentions `Defined` (local), [`InternalItem`] (this module's
   |

warning: `RootItem` resolves in scope; consider writing it as an intra-doc link
  --> $DIR/fixture.rs:LL:CC
   |
LL |     /// subtree), `RootItem` (reached via `crate::`), and `HashMap`
   |                   ^^^^^^^^^^
   |
   = help: if `RootItem` instead names a foreign or upstream symbol that the doc only mentions by name, do not link it to the local item; write an explicit reference link to the real source, such as `[`RootItem`][RootItem-ext]` with a `[RootItem-ext]: <url>` definition
help: only once the surrounding context confirms it refers to this item, not a foreign symbol of the same name, wrap it as an intra-doc link
   |
LL -     /// subtree), `RootItem` (reached via `crate::`), and `HashMap`
LL +     /// subtree), [`RootItem`] (reached via `crate::`), and `HashMap`
   |

warning: `HashMap` resolves in scope; consider writing it as an intra-doc link
  --> $DIR/fixture.rs:LL:CC
   |
LL |     /// subtree), `RootItem` (reached via `crate::`), and `HashMap`
   |                                                           ^^^^^^^^^
   |
   = help: if `HashMap` instead names a foreign or upstream symbol that the doc only mentions by name, do not link it to the local item; write an explicit reference link to the real source, such as `[`HashMap`][HashMap-ext]` with a `[HashMap-ext]: <url>` definition
help: only once the surrounding context confirms it refers to this item, not a foreign symbol of the same name, wrap it as an intra-doc link
   |
LL -     /// subtree), `RootItem` (reached via `crate::`), and `HashMap`
LL +     /// subtree), `RootItem` (reached via `crate::`), and [`HashMap`]
   |

warning: N warnings emitted
