warning: closure parameter `a` has a single-letter name
  --> $DIR/fixture.rs:LL:CC
   |
LL |     pairs.sort_by(|a, b| a.0.cmp(&b.0));
   |                    ^
   |
   = help: rename to a descriptive identifier, or rewrite the closure as a trivial single-expression callback
note: the lint level is defined here
  --> $DIR/fixture.rs:LL:CC
   |
LL | #![warn(perfectionist::single_letter_closure_param)]
   |         ^^^^^^^^^^^^^^^^^^^^^^^^^^^^^^^^^^^^^^^^^^

warning: closure parameter `b` has a single-letter name
  --> $DIR/fixture.rs:LL:CC
   |
LL |     pairs.sort_by(|a, b| a.0.cmp(&b.0));
   |                       ^
   |
   = help: rename to a descriptive identifier, or rewrite the closure as a trivial single-expression callback

warning: N warnings emitted
