warning: enum `RuntimeError` is missing `#[non_exhaustive]`
  --> $DIR/fixture.rs:LL:CC
   |
LL | pub enum RuntimeError {
   |          ^^^^^^^^^^^^
   |
note: the lint level is defined here
  --> $DIR/fixture.rs:LL:CC
   |
LL | #![warn(perfectionist::exhaustive_error_enums)]
   |         ^^^^^^^^^^^^^^^^^^^^^^^^^^^^^^^^^^^^^
help: add `#[non_exhaustive]` to keep new variants from being a SemVer break
   |
LL + #[non_exhaustive]
LL | pub enum RuntimeError {
   |

warning: struct `ParseError` is missing `#[non_exhaustive]`
  --> $DIR/fixture.rs:LL:CC
   |
LL | pub struct ParseError(pub ParseKind);
   |            ^^^^^^^^^^
   |
help: add `#[non_exhaustive]` to keep new variants from being a SemVer break
   |
LL + #[non_exhaustive]
LL | pub struct ParseError(pub ParseKind);
   |

warning: enum `BadlyNamed` is missing `#[non_exhaustive]`
  --> $DIR/fixture.rs:LL:CC
   |
LL | pub enum BadlyNamed {
   |          ^^^^^^^^^^
   |
help: add `#[non_exhaustive]` to keep new variants from being a SemVer break
   |
LL + #[non_exhaustive]
LL | pub enum BadlyNamed {
   |

warning: struct `AliasedError` is missing `#[non_exhaustive]`
  --> $DIR/fixture.rs:LL:CC
   |
LL | pub struct AliasedError(pub KindAlias);
   |            ^^^^^^^^^^^^
   |
help: add `#[non_exhaustive]` to keep new variants from being a SemVer break
   |
LL + #[non_exhaustive]
LL | pub struct AliasedError(pub KindAlias);
   |

warning: N warnings emitted
