warning: enum `CrateLocalError` is missing `#[non_exhaustive]`
  --> $DIR/fixture.rs:LL:CC
   |
LL | pub(crate) enum CrateLocalError {
   |                 ^^^^^^^^^^^^^^^
   |
note: the lint level is defined here
  --> $DIR/fixture.rs:LL:CC
   |
LL | #![warn(perfectionist::exhaustive_error_enums)]
   |         ^^^^^^^^^^^^^^^^^^^^^^^^^^^^^^^^^^^^^
help: add `#[non_exhaustive]` to keep new variants from being a SemVer break
   |
LL + #[non_exhaustive]
LL | pub(crate) enum CrateLocalError {
   |

warning: enum `AlsoFlaggedError` is missing `#[non_exhaustive]`
  --> $DIR/fixture.rs:LL:CC
   |
LL | pub enum AlsoFlaggedError {
   |          ^^^^^^^^^^^^^^^^
   |
help: add `#[non_exhaustive]` to keep new variants from being a SemVer break
   |
LL + #[non_exhaustive]
LL | pub enum AlsoFlaggedError {
   |

warning: N warnings emitted
