warning: method chain has 6 distinct calls, above the limit of 5
  --> $DIR/fixture.rs:LL:CC
   |
LL | /     names
LL | |         .iter()
LL | |         .filter(|name| !name.is_empty())
LL | |         .map(|name| name.trim().to_owned())
LL | |         .rev()
LL | |         .collect::<Vec<_>>()
LL | |         .join(", ")
   | |___________________^
   |
   = help: give a stage a name — bind it to a `let`, or move a run of stages into a function — named for the value it produces, not for the stages it replaces
   = help: if the only name that fits describes the steps rather than the value (`filtered`, `mapped`, `result`), the cut is in the wrong place; split where the chain produces something you can name
   = note: `#[warn(perfectionist::overly_long_method_chain)]` on by default

warning: method chain has 6 distinct calls, above the limit of 5
  --> $DIR/fixture.rs:LL:CC
   |
LL | /     loader
LL | |         .load()
LL | |         .await
LL | |         .lines()
...  |
LL | |         .map(str::len)
LL | |         .count()
   | |________________^
   |
   = help: give a stage a name — bind it to a `let`, or move a run of stages into a function — named for the value it produces, not for the stages it replaces
   = help: if the only name that fits describes the steps rather than the value (`filtered`, `mapped`, `result`), the cut is in the wrong place; split where the chain produces something you can name

warning: method chain has 6 distinct calls, above the limit of 5
  --> $DIR/fixture.rs:LL:CC
   |
LL |       let count = input
   |  _________________^
LL | |         .trim()
LL | |         .parse::<u32>()?
LL | |         .to_string()
LL | |         .chars()
LL | |         .filter(char::is_ascii_digit)
LL | |         .count();
   | |________________^
   |
   = help: give a stage a name — bind it to a `let`, or move a run of stages into a function — named for the value it produces, not for the stages it replaces
   = help: if the only name that fits describes the steps rather than the value (`filtered`, `mapped`, `result`), the cut is in the wrong place; split where the chain produces something you can name

warning: method chain has 6 distinct calls, above the limit of 5
  --> $DIR/fixture.rs:LL:CC
   |
LL |       let count = fetch
   |  _________________^
LL | |         .await?
LL | |         .lines()
LL | |         .map(str::trim)
...  |
LL | |         .max()
LL | |         .unwrap_or(0);
   | |_____________________^
   |
   = help: give a stage a name — bind it to a `let`, or move a run of stages into a function — named for the value it produces, not for the stages it replaces
   = help: if the only name that fits describes the steps rather than the value (`filtered`, `mapped`, `result`), the cut is in the wrong place; split where the chain produces something you can name

warning: N warnings emitted
