warning: imports must form one block, with `pub` re-exports in a leading block
  --> $DIR/fixture.rs:LL:CC
   |
LL | / use std::time::Duration;
LL | | pub use crate::config::Args;
LL | | use std::io::stdin;
   | |___________________^
   |
   = note: `#[warn(perfectionist::import_grouping_mismatch)]` on by default
help: regroup the imports
   |
LL + pub use crate::config::Args;
LL +
LL + use std::time::Duration;
LL + use std::io::stdin;
   |

warning: imports must form one block, with `pub` re-exports in a leading block and `#[cfg]`-gated imports in a trailing block
  --> $DIR/fixture.rs:LL:CC
   |
LL | / use std::cmp::Ordering;
LL | | pub use crate::config::Opts;
LL | | #[cfg(unix)]
LL | | use std::collections::BTreeMap;
   | |_______________________________^
   |
help: regroup the imports
   |
LL + pub use crate::config::Opts;
LL +
LL + use std::cmp::Ordering;
LL +
LL + #[cfg(unix)]
LL + use std::collections::BTreeMap;
   |

warning: N warnings emitted
