warning: lint-silencing attribute lacks an explanatory `reason = "..."` field
  --> $DIR/fixture.rs:LL:CC
   |
LL | #[allow(dead_code)]
   |                  ^ help: add a `reason` field: `, reason = ""`
   |
   = note: `#[warn(perfectionist::allow_attributes_without_reason)]` on by default

warning: lint-silencing attribute lacks an explanatory `reason = "..."` field
  --> $DIR/fixture.rs:LL:CC
   |
LL | #[allow(dead_code, reason = "")]
   |                             ^^
   |
   = help: write a rationale into the blank `reason` literal

warning: lint-silencing attribute lacks an explanatory `reason = "..."` field
  --> $DIR/fixture.rs:LL:CC
   |
LL | #[allow(dead_code, reason = "   ")]
   |                             ^^^^^
   |
   = help: write a rationale into the blank `reason` literal

warning: N warnings emitted
