warning: imports are not partitioned into ordered groups
  --> $DIR/fixture.rs:LL:CC
   |
LL | / use clap::Parser;
LL | | use std::time::Duration;
LL | | use crate::config::Args;
   | |________________________^
   |
   = note: `#[warn(perfectionist::import_grouping_mismatch)]` on by default
help: regroup the imports
   |
LL + use std::time::Duration;
LL +
LL + use crate::config::Args;
LL +
LL + use clap::Parser;
   |

warning: imports are not partitioned into ordered groups
  --> $DIR/fixture.rs:LL:CC
   |
LL | / use clap::ValueEnum;
LL | |
LL | | use std::io::stdin;
   | |___________________^
   |
help: regroup the imports
   |
LL + use std::io::stdin;
LL +
LL + use clap::ValueEnum;
   |

warning: imports are not partitioned into ordered groups
  --> $DIR/fixture.rs:LL:CC
   |
LL | / use std::io::Read;
LL | |
LL | | use std::time::Instant;
   | |_______________________^
   |
help: regroup the imports
   |
LL + use std::io::Read;
LL + use std::time::Instant;
   |

warning: imports are not partitioned into ordered groups
  --> $DIR/fixture.rs:LL:CC
   |
LL | / use std::fmt::Write;
LL | | use crate::config::Bytes;
   | |_________________________^
   |
help: regroup the imports
   |
   | +

warning: imports are not partitioned into ordered groups
  --> $DIR/fixture.rs:LL:CC
   |
LL | / #[cfg(unix)]
LL | | use std::collections::BTreeMap;
LL | | use std::mem::swap;
   | |___________________^
   |
help: regroup the imports
   |
LL + use std::mem::swap;
LL +
LL + #[cfg(unix)]
LL + use std::collections::BTreeMap;
   |

warning: N warnings emitted
