warning: function `one_if` nests 1 level deep, above the limit of 0
  --> $DIR/fixture.rs:LL:CC
   |
LL | fn one_if(ready: bool) {
   | ^^^^^^^^^^^^^^^^^^^^^^
   |
note: the deepest path is `if`
  --> $DIR/fixture.rs:LL:CC
   |
LL |     if ready {
   |     ^^
   = help: return early with a guard clause or `let ... else` so the rest of the body stops being nested
   = help: or extract the inner levels — name the new function for what it does, not where it came from; if it needs most of this function's locals as parameters, the nesting moved rather than went away
   = note: `#[warn(perfectionist::excessive_nesting)]` on by default

warning: function `nested_if` nests 2 levels deep, above the limit of 0
  --> $DIR/fixture.rs:LL:CC
   |
LL | fn nested_if(first: bool, second: bool) {
   | ^^^^^^^^^^^^^^^^^^^^^^^^^^^^^^^^^^^^^^^
   |
note: the deepest path is `if` -> `if`
  --> $DIR/fixture.rs:LL:CC
   |
LL |         if second {
   |         ^^
   = help: an `if` directly inside an `if`: `&&` combines the two conditions
   = help: or extract the inner levels — name the new function for what it does, not where it came from; if it needs most of this function's locals as parameters, the nesting moved rather than went away

warning: function `else_if_chain` nests 1 level deep, above the limit of 0
  --> $DIR/fixture.rs:LL:CC
   |
LL | fn else_if_chain(value: u8) {
   | ^^^^^^^^^^^^^^^^^^^^^^^^^^^
   |
note: the deepest path is `if`
  --> $DIR/fixture.rs:LL:CC
   |
LL |     if value == 0 {
   |     ^^
   = help: return early with a guard clause or `let ... else` so the rest of the body stops being nested
   = help: or extract the inner levels — name the new function for what it does, not where it came from; if it needs most of this function's locals as parameters, the nesting moved rather than went away

warning: function `if_inside_else_if` nests 2 levels deep, above the limit of 0
  --> $DIR/fixture.rs:LL:CC
   |
LL | fn if_inside_else_if(value: u8, ready: bool) {
   | ^^^^^^^^^^^^^^^^^^^^^^^^^^^^^^^^^^^^^^^^^^^^
   |
note: the deepest path is `if` -> `if`
  --> $DIR/fixture.rs:LL:CC
   |
LL |         if ready {
   |         ^^
   = help: return early with a guard clause or `let ... else` so the rest of the body stops being nested
   = help: or extract the inner levels — name the new function for what it does, not where it came from; if it needs most of this function's locals as parameters, the nesting moved rather than went away

warning: function `if_let` nests 1 level deep, above the limit of 0
  --> $DIR/fixture.rs:LL:CC
   |
LL | fn if_let(input: Option<u8>) {
   | ^^^^^^^^^^^^^^^^^^^^^^^^^^^^
   |
note: the deepest path is `if let`
  --> $DIR/fixture.rs:LL:CC
   |
LL |     if let Some(_value) = input {
   |     ^^
   = help: an `if let` here: `let ... else` binds the same pattern and leaves early, so the rest of the block stops being nested
   = help: or extract the inner levels — name the new function for what it does, not where it came from; if it needs most of this function's locals as parameters, the nesting moved rather than went away

warning: function `if_let_chain` nests 1 level deep, above the limit of 0
  --> $DIR/fixture.rs:LL:CC
   |
LL | fn if_let_chain(input: Option<u8>, ready: bool) {
   | ^^^^^^^^^^^^^^^^^^^^^^^^^^^^^^^^^^^^^^^^^^^^^^^
   |
note: the deepest path is `if let`
  --> $DIR/fixture.rs:LL:CC
   |
LL |     if let Some(_value) = input
   |     ^^
   = help: an `if let` here: `let ... else` binds the same pattern and leaves early, so the rest of the block stops being nested
   = help: or extract the inner levels — name the new function for what it does, not where it came from; if it needs most of this function's locals as parameters, the nesting moved rather than went away

warning: function `if_in_if_with_else` nests 2 levels deep, above the limit of 0
  --> $DIR/fixture.rs:LL:CC
   |
LL | fn if_in_if_with_else(first: bool, second: bool) {
   | ^^^^^^^^^^^^^^^^^^^^^^^^^^^^^^^^^^^^^^^^^^^^^^^^
   |
note: the deepest path is `if` -> `if`
  --> $DIR/fixture.rs:LL:CC
   |
LL |         if second {
   |         ^^
   = help: return early with a guard clause or `let ... else` so the rest of the body stops being nested
   = help: or extract the inner levels — name the new function for what it does, not where it came from; if it needs most of this function's locals as parameters, the nesting moved rather than went away

warning: function `matching` nests 1 level deep, above the limit of 0
  --> $DIR/fixture.rs:LL:CC
   |
LL | fn matching(value: u8) {
   | ^^^^^^^^^^^^^^^^^^^^^^
   |
note: the deepest path is `match`
  --> $DIR/fixture.rs:LL:CC
   |
LL |     match value {
   |     ^^^^^
   = help: return early with a guard clause or `let ... else` so the rest of the body stops being nested
   = help: or extract the inner levels — name the new function for what it does, not where it came from; if it needs most of this function's locals as parameters, the nesting moved rather than went away

warning: function `if_in_arm` nests 2 levels deep, above the limit of 0
  --> $DIR/fixture.rs:LL:CC
   |
LL | fn if_in_arm(value: u8, ready: bool) {
   | ^^^^^^^^^^^^^^^^^^^^^^^^^^^^^^^^^^^^
   |
note: the deepest path is `match` -> `if`
  --> $DIR/fixture.rs:LL:CC
   |
LL |             if ready {
   |             ^^
   = help: an `if` inside a `match` arm: an arm guard folds the condition into the pattern and removes this level
   = help: or extract the inner levels — name the new function for what it does, not where it came from; if it needs most of this function's locals as parameters, the nesting moved rather than went away

warning: function `if_in_arm_guard` nests 2 levels deep, above the limit of 0
  --> $DIR/fixture.rs:LL:CC
   |
LL | fn if_in_arm_guard(value: u8, ready: bool) {
   | ^^^^^^^^^^^^^^^^^^^^^^^^^^^^^^^^^^^^^^^^^^
   |
note: the deepest path is `match` -> `if`
  --> $DIR/fixture.rs:LL:CC
   |
LL |         n if (if ready { n > 1 } else { false }) => work(),
   |              ^^^
   = help: return early with a guard clause or `let ... else` so the rest of the body stops being nested
   = help: or extract the inner levels — name the new function for what it does, not where it came from; if it needs most of this function's locals as parameters, the nesting moved rather than went away

warning: function `for_loop` nests 2 levels deep, above the limit of 0
  --> $DIR/fixture.rs:LL:CC
   |
LL | fn for_loop(items: &[u8]) {
   | ^^^^^^^^^^^^^^^^^^^^^^^^^
   |
note: the deepest path is `for` -> `if`
  --> $DIR/fixture.rs:LL:CC
   |
LL |         if *item > 1 {
   |         ^^
   = help: an `if` inside a loop: `continue` on the opposite condition removes this level and unindents the body
   = help: or extract the inner levels — name the new function for what it does, not where it came from; if it needs most of this function's locals as parameters, the nesting moved rather than went away

warning: function `while_loop` nests 1 level deep, above the limit of 0
  --> $DIR/fixture.rs:LL:CC
   |
LL | fn while_loop(mut count: u8) {
   | ^^^^^^^^^^^^^^^^^^^^^^^^^^^^
   |
note: the deepest path is `while`
  --> $DIR/fixture.rs:LL:CC
   |
LL |     while count > 0 {
   |     ^^^^^
   = help: return early with a guard clause or `let ... else` so the rest of the body stops being nested
   = help: or extract the inner levels — name the new function for what it does, not where it came from; if it needs most of this function's locals as parameters, the nesting moved rather than went away

warning: function `while_let` nests 1 level deep, above the limit of 0
  --> $DIR/fixture.rs:LL:CC
   |
LL | fn while_let(mut items: impl Iterator<Item = u8>) {
   | ^^^^^^^^^^^^^^^^^^^^^^^^^^^^^^^^^^^^^^^^^^^^^^^^^
   |
note: the deepest path is `while`
  --> $DIR/fixture.rs:LL:CC
   |
LL |     while let Some(_item) = items.next() {
   |     ^^^^^
   = help: return early with a guard clause or `let ... else` so the rest of the body stops being nested
   = help: or extract the inner levels — name the new function for what it does, not where it came from; if it needs most of this function's locals as parameters, the nesting moved rather than went away

warning: function `bare_loop` nests 1 level deep, above the limit of 0
  --> $DIR/fixture.rs:LL:CC
   |
LL | fn bare_loop() {
   | ^^^^^^^^^^^^^^
   |
note: the deepest path is `loop`
  --> $DIR/fixture.rs:LL:CC
   |
LL |     loop {
   |     ^^^^
   = help: return early with a guard clause or `let ... else` so the rest of the body stops being nested
   = help: or extract the inner levels — name the new function for what it does, not where it came from; if it needs most of this function's locals as parameters, the nesting moved rather than went away

warning: function `closure` nests 2 levels deep, above the limit of 0
  --> $DIR/fixture.rs:LL:CC
   |
LL | fn closure(items: &[u8]) -> Vec<u8> {
   | ^^^^^^^^^^^^^^^^^^^^^^^^^^^^^^^^^^^
   |
note: the deepest path is closure -> `if`
  --> $DIR/fixture.rs:LL:CC
   |
LL |         .map(|item| if *item > 0 { 1 } else { 0 })
   |                     ^^
   = help: return early with a guard clause or `let ... else` so the rest of the body stops being nested
   = help: or extract the inner levels — name the new function for what it does, not where it came from; if it needs most of this function's locals as parameters, the nesting moved rather than went away

warning: function `scoped_block` nests 1 level deep, above the limit of 0
  --> $DIR/fixture.rs:LL:CC
   |
LL | fn scoped_block() {
   | ^^^^^^^^^^^^^^^^^
   |
note: the deepest path is block
  --> $DIR/fixture.rs:LL:CC
   |
LL |     {
   |     ^
   = help: a free-standing block is a level: drop the braces where they only scope a temporary, or give the block a name of its own
   = help: or extract the inner levels — name the new function for what it does, not where it came from; if it needs most of this function's locals as parameters, the nesting moved rather than went away

warning: function `let_block` nests 1 level deep, above the limit of 0
  --> $DIR/fixture.rs:LL:CC
   |
LL | fn let_block() -> u8 {
   | ^^^^^^^^^^^^^^^^^^^^
   |
note: the deepest path is block
  --> $DIR/fixture.rs:LL:CC
   |
LL |     let value = {
   |                 ^
   = help: a free-standing block is a level: drop the braces where they only scope a temporary, or give the block a name of its own
   = help: or extract the inner levels — name the new function for what it does, not where it came from; if it needs most of this function's locals as parameters, the nesting moved rather than went away

warning: function `unsafe_block` nests 1 level deep, above the limit of 0
  --> $DIR/fixture.rs:LL:CC
   |
LL | fn unsafe_block() -> u8 {
   | ^^^^^^^^^^^^^^^^^^^^^^^
   |
note: the deepest path is block
  --> $DIR/fixture.rs:LL:CC
   |
LL |     let value = unsafe { core::mem::transmute::<u8, u8>(1) };
   |                 ^^^^^^
   = help: a free-standing block is a level: drop the braces where they only scope a temporary, or give the block a name of its own
   = help: or extract the inner levels — name the new function for what it does, not where it came from; if it needs most of this function's locals as parameters, the nesting moved rather than went away

warning: function `let_else` nests 1 level deep, above the limit of 0
  --> $DIR/fixture.rs:LL:CC
   |
LL | fn let_else(input: Option<u8>) -> u8 {
   | ^^^^^^^^^^^^^^^^^^^^^^^^^^^^^^^^^^^^
   |
note: the deepest path is `let ... else`
  --> $DIR/fixture.rs:LL:CC
   |
LL |     let Some(value) = input else {
   |                                  ^
   = help: the `else` body of a `let ... else` is the level here: it has to diverge, so keep it to the `return`, `break`, or `continue` that leaves
   = help: or extract the inner levels — name the new function for what it does, not where it came from; if it needs most of this function's locals as parameters, the nesting moved rather than went away

warning: function `awaiting` nests 1 level deep, above the limit of 0
  --> $DIR/fixture.rs:LL:CC
   |
LL | async fn awaiting(ready: impl Future<Output = bool>) {
   | ^^^^^^^^^^^^^^^^^^^^^^^^^^^^^^^^^^^^^^^^^^^^^^^^^^^^
   |
note: the deepest path is `if`
  --> $DIR/fixture.rs:LL:CC
   |
LL |     if ready.await {
   |     ^^
   = help: return early with a guard clause or `let ... else` so the rest of the body stops being nested
   = help: or extract the inner levels — name the new function for what it does, not where it came from; if it needs most of this function's locals as parameters, the nesting moved rather than went away

warning: function `async_closure` nests 2 levels deep, above the limit of 0
  --> $DIR/fixture.rs:LL:CC
   |
LL | fn async_closure(ready: bool) {
   | ^^^^^^^^^^^^^^^^^^^^^^^^^^^^^
   |
note: the deepest path is closure -> `if`
  --> $DIR/fixture.rs:LL:CC
   |
LL |         if ready {
   |         ^^
   = help: return early with a guard clause or `let ... else` so the rest of the body stops being nested
   = help: or extract the inner levels — name the new function for what it does, not where it came from; if it needs most of this function's locals as parameters, the nesting moved rather than went away

warning: function `async_block` nests 1 level deep, above the limit of 0
  --> $DIR/fixture.rs:LL:CC
   |
LL | fn async_block(ready: bool) -> impl Future<Output = ()> {
   | ^^^^^^^^^^^^^^^^^^^^^^^^^^^^^^^^^^^^^^^^^^^^^^^^^^^^^^^
   |
note: the deepest path is `if`
  --> $DIR/fixture.rs:LL:CC
   |
LL |         if ready {
   |         ^^
   = help: return early with a guard clause or `let ... else` so the rest of the body stops being nested
   = help: or extract the inner levels — name the new function for what it does, not where it came from; if it needs most of this function's locals as parameters, the nesting moved rather than went away

warning: function `branch_in_macro_argument` nests 1 level deep, above the limit of 0
  --> $DIR/fixture.rs:LL:CC
   |
LL | fn branch_in_macro_argument(ready: bool) {
   | ^^^^^^^^^^^^^^^^^^^^^^^^^^^^^^^^^^^^^^^^
   |
note: the deepest path is `if`
  --> $DIR/fixture.rs:LL:CC
   |
LL |     println!("{}", if ready { 1 } else { 0 });
   |                    ^^
   = help: return early with a guard clause or `let ... else` so the rest of the body stops being nested
   = help: or extract the inner levels — name the new function for what it does, not where it came from; if it needs most of this function's locals as parameters, the nesting moved rather than went away

warning: function `inner` nests 1 level deep, above the limit of 0
  --> $DIR/fixture.rs:LL:CC
   |
LL |     fn inner(ready: bool) {
   |     ^^^^^^^^^^^^^^^^^^^^^
   |
note: the deepest path is `if`
  --> $DIR/fixture.rs:LL:CC
   |
LL |         if ready {
   |         ^^
   = help: return early with a guard clause or `let ... else` so the rest of the body stops being nested
   = help: or extract the inner levels — name the new function for what it does, not where it came from; if it needs most of this function's locals as parameters, the nesting moved rather than went away

warning: method `count` nests 1 level deep, above the limit of 0
  --> $DIR/fixture.rs:LL:CC
   |
LL |     fn count(&self, ready: bool) {
   |     ^^^^^^^^^^^^^^^^^^^^^^^^^^^^
   |
note: the deepest path is `if`
  --> $DIR/fixture.rs:LL:CC
   |
LL |         if ready {
   |         ^^
   = help: return early with a guard clause or `let ... else` so the rest of the body stops being nested
   = help: or extract the inner levels — name the new function for what it does, not where it came from; if it needs most of this function's locals as parameters, the nesting moved rather than went away

warning: N warnings emitted
