warning: glob import brings an unbounded set of names into scope
  --> $DIR/fixture.rs:LL:CC
   |
LL | use crate::prelude::*;
   |     ^^^^^^^^^^^^^^^^^
   |
   = help: import the specific items by name instead
   = note: `#[warn(perfectionist::wildcard_imports)]` on by default

warning: glob import brings an unbounded set of names into scope
  --> $DIR/fixture.rs:LL:CC
   |
LL | pub use crate::thing::*;
   |         ^^^^^^^^^^^^^^^
   |
   = help: import the specific items by name instead

warning: glob import brings an unbounded set of names into scope
  --> $DIR/fixture.rs:LL:CC
   |
LL | use crate::thing::*;
   |     ^^^^^^^^^^^^^^^
   |
   = help: import the specific items by name instead

warning: N warnings emitted
