warning: imports are not split into one `use` per item
  --> $DIR/fixture.rs:LL:CC
   |
LL |     use std::path::{Path, PathBuf};
   |     ^^^^^^^^^^^^^^^^^^^^^^^^^^^^^^^
   |
   = note: `#[warn(perfectionist::import_granularity_mismatch)]` on by default
help: reorganize the imports
   |
LL ~     use std::path::Path;
LL +     use std::path::PathBuf;
   |

warning: imports are not split into one `use` per item
  --> $DIR/fixture.rs:LL:CC
   |
LL |     use std::{collections::HashMap, io::Read};
   |     ^^^^^^^^^^^^^^^^^^^^^^^^^^^^^^^^^^^^^^^^^^
   |
help: reorganize the imports
   |
LL ~     use std::collections::HashMap;
LL +     use std::io::Read;
   |

warning: imports are not split into one `use` per item
  --> $DIR/fixture.rs:LL:CC
   |
LL |     use std::io::{self, Read};
   |     ^^^^^^^^^^^^^^^^^^^^^^^^^^
   |
help: reorganize the imports
   |
LL ~     use std::io::Read;
LL +     use std::io::{self};
   |

warning: glob import brings an unbounded set of names into scope
  --> $DIR/fixture.rs:LL:CC
   |
LL |     use std::io::*;
   |         ^^^^^^^^^^
   |
   = help: import the specific items by name instead
   = note: `#[warn(perfectionist::wildcard_imports)]` on by default

warning: N warnings emitted
