warning: imports are not collapsed to one `use` per crate root
  --> $DIR/fixture.rs:LL:CC
   |
LL |     use crate::thing::{self, T};
   |     ^^^^^^^^^^^^^^^^^^^^^^^^^^^^ help: reorganize the imports: `use crate::{thing, thing::T};`
   |
   = note: `#[warn(perfectionist::import_granularity_mismatch)]` on by default

warning: imports are not collapsed to one `use` per crate root
  --> $DIR/fixture.rs:LL:CC
   |
LL | /     use crate::thing;
LL | |     use crate::thing::T;
   | |________________________^ help: reorganize the imports: `use crate::{thing, thing::T};`

warning: imports are not collapsed to one `use` per crate root
  --> $DIR/fixture.rs:LL:CC
   |
LL | /     use crate::thing::{self};
LL | |     use crate::thing::{self as alt};
   | |____________________________________^ help: reorganize the imports: `use crate::thing::{self, self as alt};`

warning: N warnings emitted
