warning: this `#[allow]` stays silent even after its lint stops firing
  --> $DIR/fixture.rs:LL:CC
   |
LL | #[allow(non_snake_case, reason = "module-wide")]
   |   ^^^^^
   |
   = note: `#[warn(perfectionist::allow_attributes)]` on by default
help: remove the suppression if its lint can no longer fire here
   |
LL - #[allow(non_snake_case, reason = "module-wide")]
   |
help: otherwise replace `allow` with `expect`, which warns once the lint stops firing
   |
LL - #[allow(non_snake_case, reason = "module-wide")]
LL + #[expect(non_snake_case, reason = "module-wide")]
   |

warning: this `#[allow]` stays silent even after its lint stops firing
  --> $DIR/fixture.rs:LL:CC
   |
LL |     #![allow(clippy::needless_return, reason = "inner attr")]
   |        ^^^^^
   |
help: remove the suppression if its lint can no longer fire here
   |
LL -     #![allow(clippy::needless_return, reason = "inner attr")]
   |
help: otherwise replace `allow` with `expect`, which warns once the lint stops firing
   |
LL -     #![allow(clippy::needless_return, reason = "inner attr")]
LL +     #![expect(clippy::needless_return, reason = "inner attr")]
   |

warning: N warnings emitted
