warning: this `#[allow]` stays silent even after its lint stops firing
  --> $DIR/allow_attributes.rs:LL:CC
   |
LL | #[allow(non_snake_case, reason = "external API uses camelCase")]
   |   ^^^^^
   |
   = note: `#[warn(perfectionist::allow_attributes)]` on by default
help: remove the suppression if its lint can no longer fire here
   |
LL - #[allow(non_snake_case, reason = "external API uses camelCase")]
   |
help: otherwise replace `allow` with `expect`, which warns once the lint stops firing
   |
LL - #[allow(non_snake_case, reason = "external API uses camelCase")]
LL + #[expect(non_snake_case, reason = "external API uses camelCase")]
   |

warning: this `#[allow]` stays silent even after its lint stops firing
  --> $DIR/allow_attributes.rs:LL:CC
   |
LL | #[allow(clippy::too_many_arguments, reason = "matches upstream signature")]
   |   ^^^^^
   |
help: remove the suppression if its lint can no longer fire here
   |
LL - #[allow(clippy::too_many_arguments, reason = "matches upstream signature")]
   |
help: otherwise replace `allow` with `expect`, which warns once the lint stops firing
   |
LL - #[allow(clippy::too_many_arguments, reason = "matches upstream signature")]
LL + #[expect(clippy::too_many_arguments, reason = "matches upstream signature")]
   |

warning: this `#[allow]` stays silent even after its lint stops firing
  --> $DIR/allow_attributes.rs:LL:CC
   |
LL | #[allow(rustdoc::broken_intra_doc_links, reason = "links resolve downstream")]
   |   ^^^^^
   |
help: remove the suppression if its lint can no longer fire here
   |
LL - #[allow(rustdoc::broken_intra_doc_links, reason = "links resolve downstream")]
   |
help: otherwise replace `allow` with `expect`, which warns once the lint stops firing
   |
LL - #[allow(rustdoc::broken_intra_doc_links, reason = "links resolve downstream")]
LL + #[expect(rustdoc::broken_intra_doc_links, reason = "links resolve downstream")]
   |

warning: this `#[allow]` stays silent even after its lint stops firing
  --> $DIR/allow_attributes.rs:LL:CC
   |
LL | #[allow(perfectionist::single_letter_function_param, reason = "math convention")]
   |   ^^^^^
   |
help: remove the suppression if its lint can no longer fire here
   |
LL - #[allow(perfectionist::single_letter_function_param, reason = "math convention")]
   |
help: otherwise replace `allow` with `expect`, which warns once the lint stops firing
   |
LL - #[allow(perfectionist::single_letter_function_param, reason = "math convention")]
LL + #[expect(perfectionist::single_letter_function_param, reason = "math convention")]
   |

warning: this `#[allow]` stays silent even after its lint stops firing
  --> $DIR/allow_attributes.rs:LL:CC
   |
LL | #[allow(
   |   ^^^^^
   |
help: remove the suppression if its lint can no longer fire here
   |
LL - #[allow(
LL -     clippy::type_complexity,
LL -     reason = "the type mirrors the upstream alias",
LL - )]
   |
help: otherwise replace `allow` with `expect`, which warns once the lint stops firing
   |
LL - #[allow(
LL + #[expect(
   |

warning: this `#[allow]` stays silent even after its lint stops firing
  --> $DIR/allow_attributes.rs:LL:CC
   |
LL | #[cfg_attr(all(), allow(clippy::too_many_arguments, reason = "cfg-gated"))]
   |                   ^^^^^
   |
help: replace `allow` with `expect`, which warns once the lint stops firing
   |
LL - #[cfg_attr(all(), allow(clippy::too_many_arguments, reason = "cfg-gated"))]
LL + #[cfg_attr(all(), expect(clippy::too_many_arguments, reason = "cfg-gated"))]
   |

warning: this `#[allow]` stays silent even after its lint stops firing
  --> $DIR/allow_attributes.rs:LL:CC
   |
LL | #[cfg_attr(all(), cfg_attr(all(), allow(clippy::type_complexity, reason = "nested")))]
   |                                   ^^^^^
   |
help: replace `allow` with `expect`, which warns once the lint stops firing
   |
LL - #[cfg_attr(all(), cfg_attr(all(), allow(clippy::type_complexity, reason = "nested")))]
LL + #[cfg_attr(all(), cfg_attr(all(), expect(clippy::type_complexity, reason = "nested")))]
   |

warning: some lints in this `#[allow]` stay silent even after they stop firing
  --> $DIR/allow_attributes.rs:LL:CC
   |
LL | #[allow(dead_code, clippy::too_many_arguments, reason = "scaffolding")]
   |   ^^^^^
   |
help: drop them from the `#[allow]` if they can no longer fire here
   |
LL - #[allow(dead_code, clippy::too_many_arguments, reason = "scaffolding")]
LL + #[allow(dead_code, reason = "scaffolding")]
   |
help: otherwise split them into a separate `#[expect]` that self-cleans
   |
LL ~ #[allow(dead_code, reason = "scaffolding")]
LL ~ #[expect(clippy::too_many_arguments, reason = "scaffolding")]
   |

warning: some lints in this `#[allow]` stay silent even after they stop firing
  --> $DIR/allow_attributes.rs:LL:CC
   |
LL | #[cfg_attr(all(), allow(dead_code, clippy::type_complexity, reason = "split under cfg"))]
   |                   ^^^^^
   |
help: drop them from the `#[allow]` if they can no longer fire here
   |
LL - #[cfg_attr(all(), allow(dead_code, clippy::type_complexity, reason = "split under cfg"))]
LL + #[cfg_attr(all(), allow(dead_code, reason = "split under cfg"))]
   |
help: otherwise split them into a separate `#[expect]` that self-cleans
   |
LL | #[cfg_attr(all(), allow(dead_code, reason = "split under cfg"), expect(clippy::type_complexity, reason = "split under cfg"))]
   |                                    ++++++++++++++++++++++++++++++++++++

warning: N warnings emitted
