warning: lint-silencing attribute lacks an explanatory `reason = "..."` field
  --> $DIR/allow_attributes_without_reason.rs:LL:CC
   |
LL | #[allow(dead_code)]
   |                  ^ help: add a `reason` field: `, reason = ""`
   |
   = note: `#[warn(perfectionist::allow_attributes_without_reason)]` on by default

warning: lint-silencing attribute lacks an explanatory `reason = "..."` field
  --> $DIR/allow_attributes_without_reason.rs:LL:CC
   |
LL | #[expect(dead_code)]
   |                   ^ help: add a `reason` field: `, reason = ""`

warning: lint-silencing attribute lacks an explanatory `reason = "..."` field
  --> $DIR/allow_attributes_without_reason.rs:LL:CC
   |
LL | #[allow(dead_code, unused_variables)]
   |                                    ^ help: add a `reason` field: `, reason = ""`

warning: lint-silencing attribute lacks an explanatory `reason = "..."` field
  --> $DIR/allow_attributes_without_reason.rs:LL:CC
   |
LL | #[allow(dead_code,)]
   |                   ^ help: add a `reason` field: `reason = "",`

warning: lint-silencing attribute lacks an explanatory `reason = "..."` field
  --> $DIR/allow_attributes_without_reason.rs:LL:CC
   |
LL | )]
   | ^
   |
help: add a `reason` field
   |
LL +     reason = "",
   |

warning: lint-silencing attribute lacks an explanatory `reason = "..."` field
  --> $DIR/allow_attributes_without_reason.rs:LL:CC
   |
LL | #[cfg_attr(all(), expect(dead_code))]
   |                                   ^ help: add a `reason` field: `, reason = ""`

warning: lint-silencing attribute lacks an explanatory `reason = "..."` field
  --> $DIR/allow_attributes_without_reason.rs:LL:CC
   |
LL | #[cfg_attr(all(), cfg_attr(all(), allow(dead_code)))]
   |                                                  ^ help: add a `reason` field: `, reason = ""`

warning: `reason` is shorter than the configured minimum
  --> $DIR/allow_attributes_without_reason.rs:LL:CC
   |
LL | #[allow(dead_code, reason = "x")]
   |                             ^^^
   |
   = help: write a rationale of at least 3 characters

warning: `reason` is shorter than the configured minimum
  --> $DIR/allow_attributes_without_reason.rs:LL:CC
   |
LL | #[allow(dead_code, reason = "ré")]
   |                             ^^^^
   |
   = help: write a rationale of at least 3 characters

warning: lint-silencing attribute lacks an explanatory `reason = "..."` field
  --> $DIR/allow_attributes_without_reason.rs:LL:CC
   |
LL | #[allow(dead_code, reason = "")]
   |                             ^^
   |
   = help: write a rationale into the blank `reason` literal

warning: lint-silencing attribute lacks an explanatory `reason = "..."` field
  --> $DIR/allow_attributes_without_reason.rs:LL:CC
   |
LL | #[allow(dead_code, reason = "   ")]
   |                             ^^^^^
   |
   = help: write a rationale into the blank `reason` literal

warning: lint-silencing attribute lacks an explanatory `reason = "..."` field
  --> $DIR/allow_attributes_without_reason.rs:LL:CC
   |
LL |     allow(dead_code),
   |                    ^ help: add a `reason` field: `, reason = ""`

warning: lint-silencing attribute lacks an explanatory `reason = "..."` field
  --> $DIR/allow_attributes_without_reason.rs:LL:CC
   |
LL |     #![allow(dead_code)]
   |                       ^ help: add a `reason` field: `, reason = ""`

warning: N warnings emitted
