warning: `Helper` resolves in scope; consider writing it as an intra-doc link
  --> $DIR/bare_identifier_reference.rs:LL:CC
   |
LL | //! The crate-level mention of `Helper` resolves at the crate root, so
   |                                ^^^^^^^^
   |
   = help: if `Helper` instead names a foreign or upstream symbol that the doc only mentions by name, do not link it to the local item; write an explicit reference link to the real source, such as `[`Helper`][Helper-ext]` with a `[Helper-ext]: <url>` definition
   = note: `#[warn(perfectionist::bare_identifier_reference)]` on by default
help: only once the surrounding context confirms it refers to this item, not a foreign symbol of the same name, wrap it as an intra-doc link
   |
LL - //! The crate-level mention of `Helper` resolves at the crate root, so
LL + //! The crate-level mention of [`Helper`] resolves at the crate root, so
   |

warning: `Helper` resolves in scope; consider writing it as an intra-doc link
  --> $DIR/bare_identifier_reference.rs:LL:CC
   |
LL | /// Installs using `Helper` and `Store`.
   |                    ^^^^^^^^
   |
   = help: if `Helper` instead names a foreign or upstream symbol that the doc only mentions by name, do not link it to the local item; write an explicit reference link to the real source, such as `[`Helper`][Helper-ext]` with a `[Helper-ext]: <url>` definition
help: only once the surrounding context confirms it refers to this item, not a foreign symbol of the same name, wrap it as an intra-doc link
   |
LL - /// Installs using `Helper` and `Store`.
LL + /// Installs using [`Helper`] and `Store`.
   |

warning: `Store` resolves in scope; consider writing it as an intra-doc link
  --> $DIR/bare_identifier_reference.rs:LL:CC
   |
LL | /// Installs using `Helper` and `Store`.
   |                                 ^^^^^^^
   |
   = help: if `Store` instead names a foreign or upstream symbol that the doc only mentions by name, do not link it to the local item; write an explicit reference link to the real source, such as `[`Store`][Store-ext]` with a `[Store-ext]: <url>` definition
help: only once the surrounding context confirms it refers to this item, not a foreign symbol of the same name, wrap it as an intra-doc link
   |
LL - /// Installs using `Helper` and `Store`.
LL + /// Installs using `Helper` and [`Store`].
   |

warning: `Helper` resolves in scope; consider writing it as an intra-doc link
  --> $DIR/bare_identifier_reference.rs:LL:CC
   |
LL |     /// Reaches `Helper` through the `use` import in this module.
   |                 ^^^^^^^^
   |
   = help: if `Helper` instead names a foreign or upstream symbol that the doc only mentions by name, do not link it to the local item; write an explicit reference link to the real source, such as `[`Helper`][Helper-ext]` with a `[Helper-ext]: <url>` definition
help: only once the surrounding context confirms it refers to this item, not a foreign symbol of the same name, wrap it as an intra-doc link
   |
LL -     /// Reaches `Helper` through the `use` import in this module.
LL +     /// Reaches [`Helper`] through the `use` import in this module.
   |

warning: `overlap` resolves in scope; consider writing it as an intra-doc link
  --> $DIR/bare_identifier_reference.rs:LL:CC
   |
LL | /// A module and a function both answer to `overlap`, which therefore
   |                                            ^^^^^^^^^
   |
   = help: `overlap` resolves in more than one namespace; only once the surrounding context confirms it refers to this item, not a foreign symbol of the same name, write a disambiguated intra-doc link such as `[`overlap`](type@overlap)`
   = help: if `overlap` instead names a foreign or upstream symbol that the doc only mentions by name, do not link it to the local item; write an explicit reference link to the real source, such as `[`overlap`][overlap-ext]` with a `[overlap-ext]: <url>` definition

warning: `PrivateHelper` resolves in scope; consider writing it as an intra-doc link
  --> $DIR/bare_identifier_reference.rs:LL:CC
   |
LL | /// `PrivateHelper` — both sit below the public API — so this one fires.
   |     ^^^^^^^^^^^^^^^
   |
   = help: if `PrivateHelper` instead names a foreign or upstream symbol that the doc only mentions by name, do not link it to the local item; write an explicit reference link to the real source, such as `[`PrivateHelper`][PrivateHelper-ext]` with a `[PrivateHelper-ext]: <url>` definition
help: only once the surrounding context confirms it refers to this item, not a foreign symbol of the same name, wrap it as an intra-doc link
   |
LL - /// `PrivateHelper` — both sit below the public API — so this one fires.
LL + /// [`PrivateHelper`] — both sit below the public API — so this one fires.
   |

warning: `mixed_vis` resolves in scope; consider writing it as an intra-doc link
  --> $DIR/bare_identifier_reference.rs:LL:CC
   |
LL | /// A public module and a *private* function both answer to `mixed_vis`.
   |                                                             ^^^^^^^^^^^
   |
   = help: `mixed_vis` resolves in more than one namespace; only once the surrounding context confirms it refers to this item, not a foreign symbol of the same name, write a disambiguated intra-doc link such as `[`mixed_vis`](type@mixed_vis)`
   = help: if `mixed_vis` instead names a foreign or upstream symbol that the doc only mentions by name, do not link it to the local item; write an explicit reference link to the real source, such as `[`mixed_vis`][mixed_vis-ext]` with a `[mixed_vis-ext]: <url>` definition

warning: `mixed_vis` resolves in scope; consider writing it as an intra-doc link
  --> $DIR/bare_identifier_reference.rs:LL:CC
   |
LL | /// The inverse of `mixed_vis`: the type (`flipped_vis`) is private and
   |                    ^^^^^^^^^^^
   |
   = help: `mixed_vis` resolves in more than one namespace; only once the surrounding context confirms it refers to this item, not a foreign symbol of the same name, write a disambiguated intra-doc link such as `[`mixed_vis`](type@mixed_vis)`
   = help: if `mixed_vis` instead names a foreign or upstream symbol that the doc only mentions by name, do not link it to the local item; write an explicit reference link to the real source, such as `[`mixed_vis`][mixed_vis-ext]` with a `[mixed_vis-ext]: <url>` definition

warning: `flipped_vis` resolves in scope; consider writing it as an intra-doc link
  --> $DIR/bare_identifier_reference.rs:LL:CC
   |
LL | /// The inverse of `mixed_vis`: the type (`flipped_vis`) is private and
   |                                           ^^^^^^^^^^^^^
   |
   = help: `flipped_vis` resolves in more than one namespace; only once the surrounding context confirms it refers to this item, not a foreign symbol of the same name, write a disambiguated intra-doc link such as `[`flipped_vis`](value@flipped_vis)`
   = help: if `flipped_vis` instead names a foreign or upstream symbol that the doc only mentions by name, do not link it to the local item; write an explicit reference link to the real source, such as `[`flipped_vis`][flipped_vis-ext]` with a `[flipped_vis-ext]: <url>` definition

warning: N warnings emitted
