warning: an intra-doc link in a clap-derived doc comment leaks into `--help` output
  --> $DIR/clap_help_markdown.rs:LL:CC
   |
LL | /// Path to the [`PackageManifest`].
   |                 ^^^^^^^^^^^^^^^^^^^
   |
   = help: override the help text with a plain string (e.g. `#[arg(help = "...")]`) or remove the markdown from the doc comment
   = note: `#[warn(perfectionist::clap_help_markdown)]` on by default

warning: a code span in a clap-derived doc comment leaks into `--help` output
  --> $DIR/clap_help_markdown.rs:LL:CC
   |
LL |     /// Path to the `manifest` file.
   |                     ^^^^^^^^^^ help: remove the code span: `manifest`

warning: an intra-doc link in a clap-derived doc comment leaks into `--help` output
  --> $DIR/clap_help_markdown.rs:LL:CC
   |
LL |     /// Path to the [`PackageManifest`].
   |                     ^^^^^^^^^^^^^^^^^^^
   |
   = help: override the help text with a plain string (e.g. `#[arg(help = "...")]`) or remove the markdown from the doc comment

warning: an inline link in a clap-derived doc comment leaks into `--help` output
  --> $DIR/clap_help_markdown.rs:LL:CC
   |
LL |     /// See [the format](https://example.com/spec).
   |             ^^^^^^^^^^^^^^^^^^^^^^^^^^^^^^^^^^^^^^
   |
   = help: override the help text with a plain string (e.g. `#[arg(help = "...")]`) or remove the markdown from the doc comment

warning: a reference link in a clap-derived doc comment leaks into `--help` output
  --> $DIR/clap_help_markdown.rs:LL:CC
   |
LL |     /// See [the format][fmt].
   |             ^^^^^^^^^^^^^^^^^
   |
   = help: override the help text with a plain string (e.g. `#[arg(help = "...")]`) or remove the markdown from the doc comment

warning: a reference link in a clap-derived doc comment leaks into `--help` output
  --> $DIR/clap_help_markdown.rs:LL:CC
   |
LL |     /// [fmt]: https://example.com/spec
   |         ^^^^^^^^^^^^^^^^^^^^^^^^^^^^^^^
   |
   = help: override the help text with a plain string (e.g. `#[arg(help = "...")]`) or remove the markdown from the doc comment

warning: an HTML tag in a clap-derived doc comment leaks into `--help` output
  --> $DIR/clap_help_markdown.rs:LL:CC
   |
LL |     /// Use <br> to break the line.
   |             ^^^^
   |
   = help: override the help text with a plain string (e.g. `#[arg(help = "...")]`) or remove the markdown from the doc comment

warning: a heading in a clap-derived doc comment leaks into `--help` output
  --> $DIR/clap_help_markdown.rs:LL:CC
   |
LL |     /// # Details
   |         ^^^^^^^^^
   |
   = help: override the help text with a plain string (e.g. `#[arg(help = "...")]`) or remove the markdown from the doc comment

warning: a code block in a clap-derived doc comment leaks into `--help` output
  --> $DIR/clap_help_markdown.rs:LL:CC
   |
LL |     /// ```
   |         ^
   |
   = help: override the help text with a plain string (e.g. `#[arg(help = "...")]`) or remove the markdown from the doc comment

warning: a code span in a `verbatim_doc_comment` clap doc comment
  --> $DIR/clap_help_markdown.rs:LL:CC
   |
LL |     /// Uses a `code` span.
   |                ^^^^^^
   |
   = note: clap renders this doc comment verbatim, so the markdown syntax appears literally in the terminal `--help` output

warning: a code span in a clap-derived doc comment leaks into `--help` output
  --> $DIR/clap_help_markdown.rs:LL:CC
   |
LL |     /** Block doc with a `code` span. */
   |                          ^^^^^^ help: remove the code span: `code`

warning: a code span in a clap-derived doc comment leaks into `--help` output
  --> $DIR/clap_help_markdown.rs:LL:CC
   |
LL |     /// First run with a `first` span.
   |                          ^^^^^^^ help: remove the code span: `first`

warning: a code span in a clap-derived doc comment leaks into `--help` output
  --> $DIR/clap_help_markdown.rs:LL:CC
   |
LL |     /// Second run with a `second` span, after an interleaved attribute.
   |                           ^^^^^^^^ help: remove the code span: `second`

warning: a code span in a clap-derived doc comment leaks into `--help` output
  --> $DIR/clap_help_markdown.rs:LL:CC
   |
LL | /// Top-level `command` summary.
   |               ^^^^^^^^^ help: remove the code span: `command`

warning: an intra-doc link in a clap-derived doc comment leaks into `--help` output
  --> $DIR/clap_help_markdown.rs:LL:CC
   |
LL |     /// Create the [`Lockfile`].
   |                    ^^^^^^^^^^^^
   |
   = help: override the help text with a plain string (e.g. `#[arg(help = "...")]`) or remove the markdown from the doc comment

warning: a code span in a clap-derived doc comment leaks into `--help` output
  --> $DIR/clap_help_markdown.rs:LL:CC
   |
LL |     /// Run with a `--flag`.
   |                    ^^^^^^^^ help: remove the code span: `--flag`

warning: a code span in a clap-derived doc comment leaks into `--help` output
  --> $DIR/clap_help_markdown.rs:LL:CC
   |
LL |     /// The `fast` mode.
   |             ^^^^^^ help: remove the code span: `fast`

warning: an intra-doc link in a clap-derived doc comment leaks into `--help` output
  --> $DIR/clap_help_markdown.rs:LL:CC
   |
LL |     /// Plain [`number`] of bytes, with no help override.
   |               ^^^^^^^^^^
   |
   = help: override the help text with a plain string (e.g. `#[arg(help = "...")]`) or remove the markdown from the doc comment

warning: N warnings emitted
