warning: comment can be lifted into the attribute's `reason` field
  --> $DIR/lint_attribute_trailing_comment.rs:LL:CC
   |
LL | #[allow(dead_code)] // matches upstream signature
   |                     ^^^^^^^^^^^^^^^^^^^^^^^^^^^^^
   |
   = note: `#[warn(perfectionist::lint_attribute_trailing_comment)]` on by default
help: lift the comment into a `reason` field
   |
LL - #[allow(dead_code)] // matches upstream signature
LL + #[allow(dead_code, reason = "matches upstream signature")]
   |

warning: comment can be lifted into the attribute's `reason` field
  --> $DIR/lint_attribute_trailing_comment.rs:LL:CC
   |
LL | #[expect(dead_code)] // stub for upcoming change
   |                      ^^^^^^^^^^^^^^^^^^^^^^^^^^^
   |
help: lift the comment into a `reason` field
   |
LL - #[expect(dead_code)] // stub for upcoming change
LL + #[expect(dead_code, reason = "stub for upcoming change")]
   |

warning: comment can be lifted into the attribute's `reason` field
  --> $DIR/lint_attribute_trailing_comment.rs:LL:CC
   |
LL | #[warn(dead_code)] // downgrade during migration
   |                    ^^^^^^^^^^^^^^^^^^^^^^^^^^^^^
   |
help: lift the comment into a `reason` field
   |
LL - #[warn(dead_code)] // downgrade during migration
LL + #[warn(dead_code, reason = "downgrade during migration")]
   |

warning: comment can be lifted into the attribute's `reason` field
  --> $DIR/lint_attribute_trailing_comment.rs:LL:CC
   |
LL | #[deny(dead_code)] // hot path; tolerate nothing
   |                    ^^^^^^^^^^^^^^^^^^^^^^^^^^^^^
   |
help: lift the comment into a `reason` field
   |
LL - #[deny(dead_code)] // hot path; tolerate nothing
LL + #[deny(dead_code, reason = "hot path; tolerate nothing")]
   |

warning: comment can be lifted into the attribute's `reason` field
  --> $DIR/lint_attribute_trailing_comment.rs:LL:CC
   |
LL | #[forbid(dead_code)] // module-wide policy
   |                      ^^^^^^^^^^^^^^^^^^^^^
   |
help: lift the comment into a `reason` field
   |
LL - #[forbid(dead_code)] // module-wide policy
LL + #[forbid(dead_code, reason = "module-wide policy")]
   |

warning: comment can be lifted into the attribute's `reason` field
  --> $DIR/lint_attribute_trailing_comment.rs:LL:CC
   |
LL | #[allow(dead_code)] //-- matches upstream signature
   |                     ^^^^^^^^^^^^^^^^^^^^^^^^^^^^^^^
   |
help: lift the comment into a `reason` field
   |
LL - #[allow(dead_code)] //-- matches upstream signature
LL + #[allow(dead_code, reason = "matches upstream signature")]
   |

warning: comment can be lifted into the attribute's `reason` field
  --> $DIR/lint_attribute_trailing_comment.rs:LL:CC
   |
LL | )] // multi-line layout
   |    ^^^^^^^^^^^^^^^^^^^^
   |
help: lift the comment into a `reason` field
   |
LL ~     dead_code,
LL +     reason = "multi-line layout",
LL ~ )]
   |

warning: comment can be lifted into the attribute's `reason` field
  --> $DIR/lint_attribute_trailing_comment.rs:LL:CC
   |
LL | )] // multi-line with comma
   |    ^^^^^^^^^^^^^^^^^^^^^^^^
   |
help: lift the comment into a `reason` field
   |
LL +     reason = "multi-line with comma",
LL ~ )]
   |

warning: comment can be lifted into the attribute's `reason` field
  --> $DIR/lint_attribute_trailing_comment.rs:LL:CC
   |
LL | #[cfg_attr(all(), allow(dead_code))] // cfg_attr wrap
   |                                      ^^^^^^^^^^^^^^^^
   |
help: lift the comment into a `reason` field
   |
LL - #[cfg_attr(all(), allow(dead_code))] // cfg_attr wrap
LL + #[cfg_attr(all(), allow(dead_code, reason = "cfg_attr wrap"))]
   |

warning: comment can be lifted into the attribute's `reason` field
  --> $DIR/lint_attribute_trailing_comment.rs:LL:CC
   |
LL | #[cfg_attr(all(), allow(dead_code), allow(unused_variables))] // shared rationale
   |                                                               ^^^^^^^^^^^^^^^^^^^
   |
help: lift the comment into a `reason` field
   |
LL - #[cfg_attr(all(), allow(dead_code), allow(unused_variables))] // shared rationale
LL + #[cfg_attr(all(), allow(dead_code, reason = "shared rationale"), allow(unused_variables))]
   |

warning: comment can be lifted into the attribute's `reason` field
  --> $DIR/lint_attribute_trailing_comment.rs:LL:CC
   |
LL | #[cfg_attr(all(), cfg_attr(all(), allow(dead_code)))] // nested wrap
   |                                                       ^^^^^^^^^^^^^^
   |
help: lift the comment into a `reason` field
   |
LL - #[cfg_attr(all(), cfg_attr(all(), allow(dead_code)))] // nested wrap
LL + #[cfg_attr(all(), cfg_attr(all(), allow(dead_code, reason = "nested wrap")))]
   |

warning: comment can be lifted into the attribute's `reason` field
  --> $DIR/lint_attribute_trailing_comment.rs:LL:CC
   |
LL | #[cfg_attr(all(), allow(dead_code, reason = "explained"), allow(unused_variables))] // for second synth
   |                                                                                     ^^^^^^^^^^^^^^^^^^^
   |
help: lift the comment into a `reason` field
   |
LL - #[cfg_attr(all(), allow(dead_code, reason = "explained"), allow(unused_variables))] // for second synth
LL + #[cfg_attr(all(), allow(dead_code, reason = "explained"), allow(unused_variables, reason = "for second synth"))]
   |

warning: N warnings emitted
