warning: multi-line macro invocation should end with a trailing comma
  --> $DIR/macro_trailing_comma.rs:LL:CC
   |
LL |         3
   |          ^ help: add a trailing comma: `,`
   |
   = note: `#[warn(perfectionist::macro_trailing_comma)]` on by default

warning: single-line macro invocation should not end with a trailing comma
  --> $DIR/macro_trailing_comma.rs:LL:CC
   |
LL |     let _ = vec![1, 2, 3,];
   |                         ^ help: remove the trailing comma

warning: multi-line macro invocation should end with a trailing comma
  --> $DIR/macro_trailing_comma.rs:LL:CC
   |
LL |         compute()
   |                  ^ help: add a trailing comma: `,`

warning: multi-line macro invocation should end with a trailing comma
  --> $DIR/macro_trailing_comma.rs:LL:CC
   |
LL |         "decoder mismatch"
   |                           ^ help: add a trailing comma: `,`

warning: multi-line macro invocation should end with a trailing comma
  --> $DIR/macro_trailing_comma.rs:LL:CC
   |
LL |         2
   |          ^ help: add a trailing comma: `,`

warning: N warnings emitted
