warning: const item `N` has a single-letter name
  --> $DIR/single_letter_const_item.rs:LL:CC
   |
LL | const N: usize = 2;
   |       ^
   |
   = help: rename to a descriptive identifier (e.g. `DIMENSION`, `BUFFER_LEN`, `MAX_RETRIES`)
   = note: `#[warn(perfectionist::single_letter_const_item)]` on by default

warning: const item `D` has a single-letter name
  --> $DIR/single_letter_const_item.rs:LL:CC
   |
LL | const D: u64 = 64;
   |       ^
   |
   = help: rename to a descriptive identifier (e.g. `DIMENSION`, `BUFFER_LEN`, `MAX_RETRIES`)

warning: const item `C` has a single-letter name
  --> $DIR/single_letter_const_item.rs:LL:CC
   |
LL |     const C: usize = 64;
   |           ^
   |
   = help: rename to a descriptive identifier (e.g. `DIMENSION`, `BUFFER_LEN`, `MAX_RETRIES`)

warning: const item `M` has a single-letter name
  --> $DIR/single_letter_const_item.rs:LL:CC
   |
LL |     const M: usize;
   |           ^
   |
   = help: rename to a descriptive identifier (e.g. `DIMENSION`, `BUFFER_LEN`, `MAX_RETRIES`)

warning: const item `K` has a single-letter name
  --> $DIR/single_letter_const_item.rs:LL:CC
   |
LL |     const K: usize = 8;
   |           ^
   |
   = help: rename to a descriptive identifier (e.g. `DIMENSION`, `BUFFER_LEN`, `MAX_RETRIES`)

warning: const item `M` has a single-letter name
  --> $DIR/single_letter_const_item.rs:LL:CC
   |
LL |     const M: usize = 16;
   |           ^
   |
   = help: rename to a descriptive identifier (e.g. `DIMENSION`, `BUFFER_LEN`, `MAX_RETRIES`)

warning: const item `K` has a single-letter name
  --> $DIR/single_letter_const_item.rs:LL:CC
   |
LL |     const K: usize = 8;
   |           ^
   |
   = help: rename to a descriptive identifier (e.g. `DIMENSION`, `BUFFER_LEN`, `MAX_RETRIES`)

warning: const item `A` has a single-letter name
  --> $DIR/single_letter_const_item.rs:LL:CC
   |
LL |     const A: u32 = 1;
   |           ^
   |
   = help: rename to a descriptive identifier (e.g. `DIMENSION`, `BUFFER_LEN`, `MAX_RETRIES`)

warning: N warnings emitted
