warning: generic type parameter `K` has a single-letter name
  --> $DIR/single_letter_names.rs:LL:CC
   |
LL | fn map_pairs<K, V>(input: Vec<(K, V)>) -> Vec<(V, K)> {
   |              ^
   |
   = help: rename to a descriptive identifier (e.g. `Element`, `Key`, `Reader`)
   = note: `#[warn(perfectionist::single_letter_generic)]` on by default

warning: generic type parameter `V` has a single-letter name
  --> $DIR/single_letter_names.rs:LL:CC
   |
LL | fn map_pairs<K, V>(input: Vec<(K, V)>) -> Vec<(V, K)> {
   |                 ^
   |
   = help: rename to a descriptive identifier (e.g. `Element`, `Key`, `Reader`)

warning: generic type parameter `T` has a single-letter name
  --> $DIR/single_letter_names.rs:LL:CC
   |
LL | impl<T> Trivial for Option<T> {
   |      ^
   |
   = help: rename to a descriptive identifier (e.g. `Element`, `Key`, `Reader`)

warning: generic type parameter `U` has a single-letter name
  --> $DIR/single_letter_names.rs:LL:CC
   |
LL |     fn convert<U>(&self, value: U) -> U;
   |                ^
   |
   = help: rename to a descriptive identifier (e.g. `Element`, `Key`, `Reader`)

warning: generic type parameter `T` has a single-letter name
  --> $DIR/single_letter_names.rs:LL:CC
   |
LL | impl<T> Convert for Option<T> {
   |      ^
   |
   = help: rename to a descriptive identifier (e.g. `Element`, `Key`, `Reader`)

warning: generic type parameter `U` has a single-letter name
  --> $DIR/single_letter_names.rs:LL:CC
   |
LL |     fn convert<U>(&self, value: U) -> U {
   |                ^
   |
   = help: rename to a descriptive identifier (e.g. `Element`, `Key`, `Reader`)

warning: generic type parameter `T` has a single-letter name
  --> $DIR/single_letter_names.rs:LL:CC
   |
LL | impl<T> Iterator for Wrapper<T> {
   |      ^
   |
   = help: rename to a descriptive identifier (e.g. `Element`, `Key`, `Reader`)

warning: generic type parameter `T` has a single-letter name
  --> $DIR/single_letter_names.rs:LL:CC
   |
LL | struct Wrapper<T> {
   |                ^
   |
   = help: rename to a descriptive identifier (e.g. `Element`, `Key`, `Reader`)

warning: `let` binding `m` has a single-letter name
  --> $DIR/single_letter_names.rs:LL:CC
   |
LL |     let m = 5_u32;
   |         ^
   |
   = help: rename to a descriptive identifier
   = note: `#[warn(perfectionist::single_letter_let_binding)]` on by default

warning: closure parameter `q` has a single-letter name
  --> $DIR/single_letter_names.rs:LL:CC
   |
LL |     let _applied = apply(|q| q * 2 + 1);
   |                           ^
   |
   = help: rename to a descriptive identifier, or rewrite the closure as a trivial single-expression callback
   = note: `#[warn(perfectionist::single_letter_closure_param)]` on by default

warning: closure parameter `t` has a single-letter name
  --> $DIR/single_letter_names.rs:LL:CC
   |
LL |         .map(|t| {
   |               ^
   |
   = help: rename to a descriptive identifier, or rewrite the closure as a trivial single-expression callback

warning: function parameter `w` has a single-letter name
  --> $DIR/single_letter_names.rs:LL:CC
   |
LL | fn write_label(w: &mut String, t: &str) {
   |                ^
   |
   = help: rename to a descriptive identifier
   = note: `#[warn(perfectionist::single_letter_function_param)]` on by default

warning: function parameter `t` has a single-letter name
  --> $DIR/single_letter_names.rs:LL:CC
   |
LL | fn write_label(w: &mut String, t: &str) {
   |                                ^
   |
   = help: rename to a descriptive identifier

warning: `let` binding `a` has a single-letter name
  --> $DIR/single_letter_names.rs:LL:CC
   |
LL |     let a = 1_u32;
   |         ^
   |
   = help: rename to a descriptive identifier

warning: `let` binding `b` has a single-letter name
  --> $DIR/single_letter_names.rs:LL:CC
   |
LL |     let b = 2_u32;
   |         ^
   |
   = help: rename to a descriptive identifier

warning: `let` binding `c` has a single-letter name
  --> $DIR/single_letter_names.rs:LL:CC
   |
LL |     let c = a + b;
   |         ^
   |
   = help: rename to a descriptive identifier

warning: N warnings emitted
