warning: error type derived through `thiserror`; this catalogue prefers `derive_more::{Display, Error}`
  --> $DIR/thiserror_usage_derive.rs:LL:CC
   |
LL | #[derive(thiserror::Error)]
   |          ^^^^^^^^^^^^^^^^
   |
   = help: replace the derive list and migrate the `#[error(...)]` attributes to `#[display(...)]`
   = note: `#[warn(perfectionist::thiserror_usage)]` on by default

warning: `#[error(...)]` attribute belongs to `thiserror`'s namespace; this catalogue prefers `derive_more::Display`
  --> $DIR/thiserror_usage_derive.rs:LL:CC
   |
LL | #[error("boom")]
   | ^^^^^^^^^^^^^^^^
   |
   = help: rename to `#[display(...)]` and translate positional placeholders (`{0}` -> `{_0}`)

warning: `thiserror` import; this catalogue prefers `derive_more::{Display, Error}`
  --> $DIR/thiserror_usage_derive.rs:LL:CC
   |
LL | use thiserror::Error;
   | ^^^^^^^^^^^^^^^^^^^^^
   |
   = help: drop the import and migrate the error type to `#[derive(derive_more::Display, derive_more::Error)]`

warning: error type derived through `thiserror`; this catalogue prefers `derive_more::{Display, Error}`
  --> $DIR/thiserror_usage_derive.rs:LL:CC
   |
LL | #[derive(Error)]
   |          ^^^^^
   |
   = help: replace the derive list and migrate the `#[error(...)]` attributes to `#[display(...)]`

warning: `#[error(...)]` attribute belongs to `thiserror`'s namespace; this catalogue prefers `derive_more::Display`
  --> $DIR/thiserror_usage_derive.rs:LL:CC
   |
LL | #[error("aliased")]
   | ^^^^^^^^^^^^^^^^^^^
   |
   = help: rename to `#[display(...)]` and translate positional placeholders (`{0}` -> `{_0}`)

warning: `thiserror` import; this catalogue prefers `derive_more::{Display, Error}`
  --> $DIR/thiserror_usage_derive.rs:LL:CC
   |
LL | use thiserror as te;
   | ^^^^^^^^^^^^^^^^^^^^
   |
   = help: drop the import and migrate the error type to `#[derive(derive_more::Display, derive_more::Error)]`

warning: error type derived through `thiserror`; this catalogue prefers `derive_more::{Display, Error}`
  --> $DIR/thiserror_usage_derive.rs:LL:CC
   |
LL | #[derive(te::Error)]
   |          ^^^^^^^^^
   |
   = help: replace the derive list and migrate the `#[error(...)]` attributes to `#[display(...)]`

warning: `#[error(...)]` attribute belongs to `thiserror`'s namespace; this catalogue prefers `derive_more::Display`
  --> $DIR/thiserror_usage_derive.rs:LL:CC
   |
LL | #[error("crate-aliased")]
   | ^^^^^^^^^^^^^^^^^^^^^^^^^
   |
   = help: rename to `#[display(...)]` and translate positional placeholders (`{0}` -> `{_0}`)

warning: error type derived through `thiserror`; this catalogue prefers `derive_more::{Display, Error}`
  --> $DIR/thiserror_usage_derive.rs:LL:CC
   |
LL | #[cfg_attr(all(), derive(thiserror::Error))]
   |                          ^^^^^^^^^^^^^^^^
   |
   = help: replace the derive list and migrate the `#[error(...)]` attributes to `#[display(...)]`

warning: `#[error(...)]` attribute belongs to `thiserror`'s namespace; this catalogue prefers `derive_more::Display`
  --> $DIR/thiserror_usage_derive.rs:LL:CC
   |
LL | #[cfg_attr(all(), error("conditional"))]
   |                   ^^^^^^^^^^^^^^^^^^^^
   |
   = help: rename to `#[display(...)]` and translate positional placeholders (`{0}` -> `{_0}`)

warning: error type derived through `thiserror`; this catalogue prefers `derive_more::{Display, Error}`
  --> $DIR/thiserror_usage_derive.rs:LL:CC
   |
LL | #[derive(thiserror::Error)]
   |          ^^^^^^^^^^^^^^^^
   |
   = help: replace the derive list and migrate the `#[error(...)]` attributes to `#[display(...)]`

warning: `#[error(...)]` attribute belongs to `thiserror`'s namespace; this catalogue prefers `derive_more::Display`
  --> $DIR/thiserror_usage_derive.rs:LL:CC
   |
LL |     #[error("field")]
   |     ^^^^^^^^^^^^^^^^^
   |
   = help: rename to `#[display(...)]` and translate positional placeholders (`{0}` -> `{_0}`)

warning: error type derived through `thiserror`; this catalogue prefers `derive_more::{Display, Error}`
  --> $DIR/thiserror_usage_derive.rs:LL:CC
   |
LL | #[derive(thiserror::Error)]
   |          ^^^^^^^^^^^^^^^^
   |
   = help: replace the derive list and migrate the `#[error(...)]` attributes to `#[display(...)]`

warning: `#[error(...)]` attribute belongs to `thiserror`'s namespace; this catalogue prefers `derive_more::Display`
  --> $DIR/thiserror_usage_derive.rs:LL:CC
   |
LL |     #[error("unit variant")]
   |     ^^^^^^^^^^^^^^^^^^^^^^^^
   |
   = help: rename to `#[display(...)]` and translate positional placeholders (`{0}` -> `{_0}`)

warning: `#[error(...)]` attribute belongs to `thiserror`'s namespace; this catalogue prefers `derive_more::Display`
  --> $DIR/thiserror_usage_derive.rs:LL:CC
   |
LL |         #[error("variant field")]
   |         ^^^^^^^^^^^^^^^^^^^^^^^^^
   |
   = help: rename to `#[display(...)]` and translate positional placeholders (`{0}` -> `{_0}`)

warning: N warnings emitted
