warning: Unicode `…` (U+2026) in doc comment
  --> $DIR/unicode_ellipsis_in_docs.rs:LL:CC
   |
LL | //! Crate-level inner doc comment with ellipsis… is flagged.
   |                                                ^ help: use ASCII `...` instead: `...`
   |
   = note: `#[warn(perfectionist::unicode_ellipsis_in_docs)]` on by default

warning: Unicode `…` (U+2026) in doc comment
  --> $DIR/unicode_ellipsis_in_docs.rs:LL:CC
   |
LL | /// Outer doc comment with ellipsis… is flagged.
   |                                    ^ help: use ASCII `...` instead: `...`

warning: Unicode `…` (U+2026) in doc comment
  --> $DIR/unicode_ellipsis_in_docs.rs:LL:CC
   |
LL | /// Multi-line doc comment, first line…
   |                                       ^ help: use ASCII `...` instead: `...`

warning: Unicode `…` (U+2026) in doc comment
  --> $DIR/unicode_ellipsis_in_docs.rs:LL:CC
   |
LL | /// and a second line with ellipsis… too.
   |                                    ^ help: use ASCII `...` instead: `...`

warning: Unicode `…` (U+2026) in doc comment
  --> $DIR/unicode_ellipsis_in_docs.rs:LL:CC
   |
LL | /** Block doc comment with ellipsis… is flagged. */
   |                                    ^ help: use ASCII `...` instead: `...`

warning: Unicode `…` (U+2026) in doc comment
  --> $DIR/unicode_ellipsis_in_docs.rs:LL:CC
   |
LL |     //! Inner doc comment with ellipsis… is flagged.
   |                                        ^ help: use ASCII `...` instead: `...`

warning: N warnings emitted
