warning: Unicode `…` (U+2026) in `panic!` message
  --> $DIR/unicode_ellipsis_in_panic_messages.rs:LL:CC
   |
LL |     panic!("could not parse manifest…");
   |                                     ^ help: use ASCII `...` instead: `...`
   |
   = note: `#[warn(perfectionist::unicode_ellipsis_in_panic_messages)]` on by default

warning: Unicode `…` (U+2026) in `unimplemented!` message
  --> $DIR/unicode_ellipsis_in_panic_messages.rs:LL:CC
   |
LL |     unimplemented!("not yet implemented…");
   |                                        ^ help: use ASCII `...` instead: `...`

warning: Unicode `…` (U+2026) in `todo!` message
  --> $DIR/unicode_ellipsis_in_panic_messages.rs:LL:CC
   |
LL |     todo!("write this later…");
   |                            ^ help: use ASCII `...` instead: `...`

warning: Unicode `…` (U+2026) in `unreachable!` message
  --> $DIR/unicode_ellipsis_in_panic_messages.rs:LL:CC
   |
LL |     unreachable!("can't happen…");
   |                               ^ help: use ASCII `...` instead: `...`

warning: Unicode `…` (U+2026) in `panic!` message
  --> $DIR/unicode_ellipsis_in_panic_messages.rs:LL:CC
   |
LL |     panic!(r"raw string with …");
   |                              ^ help: use ASCII `...` instead: `...`

warning: Unicode `…` (U+2026) in `panic!` message
  --> $DIR/unicode_ellipsis_in_panic_messages.rs:LL:CC
   |
LL |     panic!(r#"raw-hash string with …"#);
   |                                    ^ help: use ASCII `...` instead: `...`

warning: Unicode `…` (U+2026) in `panic!` message
  --> $DIR/unicode_ellipsis_in_panic_messages.rs:LL:CC
   |
LL |     panic!("first … and second …");
   |                   ^ help: use ASCII `...` instead: `...`

warning: Unicode `…` (U+2026) in `panic!` message
  --> $DIR/unicode_ellipsis_in_panic_messages.rs:LL:CC
   |
LL |     panic!("first … and second …");
   |                                ^ help: use ASCII `...` instead: `...`

warning: Unicode `…` (U+2026) in `panic!` message
  --> $DIR/unicode_ellipsis_in_panic_messages.rs:LL:CC
   |
LL |     std::panic!("qualified path with …");
   |                                      ^ help: use ASCII `...` instead: `...`

warning: Unicode `…` (U+2026) in `panic!` message
  --> $DIR/unicode_ellipsis_in_panic_messages.rs:LL:CC
   |
LL |     panic!["bracket form with …"];
   |                               ^ help: use ASCII `...` instead: `...`

warning: Unicode `…` (U+2026) in `panic!` message
  --> $DIR/unicode_ellipsis_in_panic_messages.rs:LL:CC
   |
LL |     panic! {"brace form with …"}
   |                              ^ help: use ASCII `...` instead: `...`

warning: Unicode `…` (U+2026) in `assert!` message
  --> $DIR/unicode_ellipsis_in_panic_messages.rs:LL:CC
   |
LL |     assert!(flag, "flag was false…");
   |                                  ^ help: use ASCII `...` instead: `...`

warning: Unicode `…` (U+2026) in `assert_eq!` message
  --> $DIR/unicode_ellipsis_in_panic_messages.rs:LL:CC
   |
LL |     assert_eq!(left, right, "tree did not flatten…");
   |                                                  ^ help: use ASCII `...` instead: `...`

warning: Unicode `…` (U+2026) in `assert_ne!` message
  --> $DIR/unicode_ellipsis_in_panic_messages.rs:LL:CC
   |
LL |     assert_ne!(left, right, "values matched unexpectedly…");
   |                                                         ^ help: use ASCII `...` instead: `...`

warning: Unicode `…` (U+2026) in `debug_assert!` message
  --> $DIR/unicode_ellipsis_in_panic_messages.rs:LL:CC
   |
LL |     debug_assert!(flag, "flag was false…");
   |                                        ^ help: use ASCII `...` instead: `...`

warning: Unicode `…` (U+2026) in `debug_assert_eq!` message
  --> $DIR/unicode_ellipsis_in_panic_messages.rs:LL:CC
   |
LL |     debug_assert_eq!(left, right, "tree did not flatten…");
   |                                                        ^ help: use ASCII `...` instead: `...`

warning: Unicode `…` (U+2026) in `debug_assert_ne!` message
  --> $DIR/unicode_ellipsis_in_panic_messages.rs:LL:CC
   |
LL |     debug_assert_ne!(left, right, "values matched unexpectedly…");
   |                                                               ^ help: use ASCII `...` instead: `...`

warning: Unicode `…` (U+2026) in `assert!` message
  --> $DIR/unicode_ellipsis_in_panic_messages.rs:LL:CC
   |
LL |     assert!(matches!(value, Some(_)), "message with …");
   |                                                     ^ help: use ASCII `...` instead: `...`

warning: Unicode `…` (U+2026) in `expect` message
  --> $DIR/unicode_ellipsis_in_panic_messages.rs:LL:CC
   |
LL |     let _: i32 = Some(1).expect("config missing-bad-1…");
   |                                                      ^ help: use ASCII `...` instead: `...`

warning: Unicode `…` (U+2026) in `expect` message
  --> $DIR/unicode_ellipsis_in_panic_messages.rs:LL:CC
   |
LL |     let _: i32 = Result::<i32, ()>::Ok(1).expect("config missing-bad-2…");
   |                                                                       ^ help: use ASCII `...` instead: `...`

warning: Unicode `…` (U+2026) in `expect_err` message
  --> $DIR/unicode_ellipsis_in_panic_messages.rs:LL:CC
   |
LL |     let _: () = Result::<i32, ()>::Err(()).expect_err("expected error…");
   |                                                                      ^ help: use ASCII `...` instead: `...`

warning: Unicode `…` (U+2026) in `assert!` message
  --> $DIR/unicode_ellipsis_in_panic_messages.rs:LL:CC
   |
LL |     assert!(true, "message with …");
   |                                 ^ help: use ASCII `...` instead: `...`

warning: N warnings emitted
