warning: Unicode `…` (U+2026) in comment
  --> $DIR/unicode_ellipsis_in_comments.rs:LL:CC
   |
LL | // Bad: line comment with horizontal ellipsis…
   |                                              ^ help: use ASCII `...` instead: `...`
   |
   = note: `#[warn(perfectionist::unicode_ellipsis_in_comments)]` on by default

warning: Unicode `…` (U+2026) in comment
  --> $DIR/unicode_ellipsis_in_comments.rs:LL:CC
   |
LL | /* Bad: block comment ending with ellipsis… */
   |                                           ^ help: use ASCII `...` instead: `...`

warning: Unicode `…` (U+2026) in comment
  --> $DIR/unicode_ellipsis_in_comments.rs:LL:CC
   |
LL |  * Multi-line block comment with…
   |                                 ^ help: use ASCII `...` instead: `...`

warning: Unicode `…` (U+2026) in comment
  --> $DIR/unicode_ellipsis_in_comments.rs:LL:CC
   |
LL |  * multiple lines, each scanned independently…
   |                                              ^ help: use ASCII `...` instead: `...`

warning: N warnings emitted
