warning: unknown lint: `perfectionist::unicode_ellipsis_in_comment`
  --> $DIR/unknown_perfectionist_lints.rs:LL:CC
   |
LL | #[allow(perfectionist::unicode_ellipsis_in_comment)]
   |         ^^^^^^^^^^^^^^^^^^^^^^^^^^^^^^^^^^^^^^^^^^
   |
   = help: did you mean `perfectionist::unicode_ellipsis_in_comments`?
   = note: `#[warn(perfectionist::unknown_perfectionist_lints)]` on by default

warning: unknown lint: `perfectionist::unknown_perfectionist_lint`
  --> $DIR/unknown_perfectionist_lints.rs:LL:CC
   |
LL | #[deny(perfectionist::unknown_perfectionist_lint)]
   |        ^^^^^^^^^^^^^^^^^^^^^^^^^^^^^^^^^^^^^^^^^
   |
   = help: did you mean `perfectionist::unknown_perfectionist_lints`?

warning: unknown lint: `perfectionist::unicode_ellipsis_comments`
  --> $DIR/unknown_perfectionist_lints.rs:LL:CC
   |
LL | #[allow(perfectionist::unicode_ellipsis_comments)]
   |         ^^^^^^^^^^^^^^^^^^^^^^^^^^^^^^^^^^^^^^^^
   |
   = help: did you mean `perfectionist::unicode_ellipsis_in_comments`?

warning: unknown lint: `perfectionist::unknown::perfectionist_lints`
  --> $DIR/unknown_perfectionist_lints.rs:LL:CC
   |
LL | #[allow(perfectionist::unknown::perfectionist_lints)]
   |         ^^^^^^^^^^^^^^^^^^^^^^^^^^^^^^^^^^^^^^^^^^^
   |
   = help: did you mean `perfectionist::unknown_perfectionist_lints`?

warning: unknown lint: `perfectionist` is a tool prefix, not a lint name
  --> $DIR/unknown_perfectionist_lints.rs:LL:CC
   |
LL | #[allow(perfectionist)]
   |         ^^^^^^^^^^^^^

warning: unknown lint: `perfectionist::nothing_like_this_anywhere`
  --> $DIR/unknown_perfectionist_lints.rs:LL:CC
   |
LL | #[warn(perfectionist::nothing_like_this_anywhere)]
   |        ^^^^^^^^^^^^^^^^^^^^^^^^^^^^^^^^^^^^^^^^^

warning: N warnings emitted
