warning: repository URL ref `main` is not a pinned commit SHA
  --> $DIR/unpinned_repo_ref.rs:LL:CC
   |
LL | /// <https://github.com/owner/repo/blob/main/src/lib.rs>.
   |                                         ^^^^
   |
   = help: pin the URL to a commit SHA so the linked file or directory cannot change without warning
   = note: `#[warn(perfectionist::unpinned_repo_ref)]` on by default

warning: repository URL ref `v1.2.3` is not a pinned commit SHA
  --> $DIR/unpinned_repo_ref.rs:LL:CC
   |
LL | /// <https://github.com/owner/repo/blob/v1.2.3/src/lib.rs>.
   |                                         ^^^^^^
   |
   = help: pin the URL to a commit SHA so the linked file or directory cannot change without warning

warning: repository URL ref `abc` is not a pinned commit SHA
  --> $DIR/unpinned_repo_ref.rs:LL:CC
   |
LL | /// <https://github.com/owner/repo/blob/abc/src/lib.rs>.
   |                                         ^^^
   |
   = help: pin the URL to a commit SHA so the linked file or directory cannot change without warning

warning: repository URL ref `master` is not a pinned commit SHA
  --> $DIR/unpinned_repo_ref.rs:LL:CC
   |
LL | /// <https://gitee.com/owner/repo/blob/master/src/lib.rs>.
   |                                        ^^^^^^
   |
   = help: pin the URL to a commit SHA so the linked file or directory cannot change without warning

warning: repository URL ref `main` is not a pinned commit SHA
  --> $DIR/unpinned_repo_ref.rs:LL:CC
   |
LL | // Bad: gitlab branch ref: <https://gitlab.com/group/repo/-/blob/main/x.rs>
   |                                                                  ^^^^
   |
   = help: pin the URL to a commit SHA so the linked file or directory cannot change without warning

warning: repository URL ref `develop` is not a pinned commit SHA
  --> $DIR/unpinned_repo_ref.rs:LL:CC
   |
LL | // <https://gitlab.com/group/sub/repo/-/tree/develop/dir>
   |                                              ^^^^^^^
   |
   = help: pin the URL to a commit SHA so the linked file or directory cannot change without warning

warning: repository URL ref `master` is not a pinned commit SHA
  --> $DIR/unpinned_repo_ref.rs:LL:CC
   |
LL | // Bad: bitbucket branch ref: <https://bitbucket.org/owner/repo/src/master/f.rs>
   |                                                                     ^^^^^^
   |
   = help: pin the URL to a commit SHA so the linked file or directory cannot change without warning

warning: repository URL references branch `main` instead of a commit SHA
  --> $DIR/unpinned_repo_ref.rs:LL:CC
   |
LL | // <https://codeberg.org/owner/repo/src/branch/main/src/lib.rs>
   |                                                ^^^^
   |
   = help: pin the URL to a commit SHA so the linked file or directory cannot change without warning

warning: repository URL references tag `v1.2.3` instead of a commit SHA
  --> $DIR/unpinned_repo_ref.rs:LL:CC
   |
LL | // <https://codeberg.org/owner/repo/src/tag/v1.2.3/src/lib.rs>
   |                                             ^^^^^^
   |
   = help: pin the URL to a commit SHA so the linked file or directory cannot change without warning

warning: repository URL ref `main` is not a pinned commit SHA
  --> $DIR/unpinned_repo_ref.rs:LL:CC
   |
LL | // Bad: sourcehut branch ref: <https://git.sr.ht/~user/repo/tree/main/item/x.rs>
   |                                                                  ^^^^
   |
   = help: pin the URL to a commit SHA so the linked file or directory cannot change without warning

warning: N warnings emitted
