warning: glob import brings an unbounded set of names into scope
  --> $DIR/wildcard_imports.rs:LL:CC
   |
LL | pub(crate) use crate::thing::*;
   |                ^^^^^^^^^^^^^^^
   |
   = help: import the specific items by name instead
   = note: `#[warn(perfectionist::wildcard_imports)]` on by default

warning: glob import brings an unbounded set of names into scope
  --> $DIR/wildcard_imports.rs:LL:CC
   |
LL | use crate::thing::*;
   |     ^^^^^^^^^^^^^^^
   |
   = help: import the specific items by name instead

warning: glob import brings an unbounded set of names into scope
  --> $DIR/wildcard_imports.rs:LL:CC
   |
LL | use crate::thing::{A, *};
   |                       ^
   |
   = help: import the specific items by name instead

warning: glob import brings an unbounded set of names into scope
  --> $DIR/wildcard_imports.rs:LL:CC
   |
LL |     use super::*;
   |         ^^^^^^^^
   |
   = help: import the specific items by name instead

warning: glob import brings an unbounded set of names into scope
  --> $DIR/wildcard_imports.rs:LL:CC
   |
LL |         use crate::thing::*;
   |             ^^^^^^^^^^^^^^^
   |
   = help: import the specific items by name instead

warning: N warnings emitted
