warning: bold text in a clap-derived doc comment leaks into `--help` output
  --> $DIR/fixture.rs:LL:CC
   |
LL |     /// Uses **bold** emphasis.
   |              ^^^^^^^^
   |
   = help: override the help text with a plain string (e.g. `#[arg(help = "...")]`) or remove the markdown from the doc comment
   = note: `#[warn(perfectionist::clap_help_markdown)]` on by default

warning: italic text in a clap-derived doc comment leaks into `--help` output
  --> $DIR/fixture.rs:LL:CC
   |
LL |     /// Uses *italic* emphasis.
   |              ^^^^^^^^
   |
   = help: override the help text with a plain string (e.g. `#[arg(help = "...")]`) or remove the markdown from the doc comment

warning: a list marker in a clap-derived doc comment leaks into `--help` output
  --> $DIR/fixture.rs:LL:CC
   |
LL |     /// - first
   |         ^
   |
   = help: override the help text with a plain string (e.g. `#[arg(help = "...")]`) or remove the markdown from the doc comment

warning: a list marker in a clap-derived doc comment leaks into `--help` output
  --> $DIR/fixture.rs:LL:CC
   |
LL |     /// - second
   |         ^
   |
   = help: override the help text with a plain string (e.g. `#[arg(help = "...")]`) or remove the markdown from the doc comment

warning: N warnings emitted
